  Γû▓ Next.js 14.2.3
  - Environments: .env

   Creating an optimized production build ...
 Γ£ô Compiled successfully
   Linting and checking validity of types ...
   Collecting page data ...
   Generating static pages (0/9) ...
   Generating static pages (2/9) 
   Generating static pages (4/9) 
   Generating static pages (6/9) 
 Γ£ô Generating static pages (9/9)
   Finalizing page optimization ...
   Collecting build traces ...

Route (app)                              Size     First Load JS
Γöî Γùï /                                    5.28 kB         213 kB
Γö£ Γùï /_not-found                          871 B          87.9 kB
Γö£ Γùï /daily                               3.76 kB         259 kB
Γö£ Γùï /dashboard                           146 kB          401 kB
Γö£ Γùï /party                               3.67 kB         223 kB
Γö£ Γùï /profile                             3.8 kB          259 kB
Γöö Γùï /shadows                             17.3 kB         273 kB
+ First Load JS shared by all            87 kB
  Γö£ chunks/23-509d2c9a3fbd8547.js        31.5 kB
  Γö£ chunks/fd9d1056-00bb33a35b5f8051.js  53.6 kB
  Γöö other shared chunks (total)          1.95 kB


Γùï  (Static)  prerendered as static content

